[[34m2024-06-25T21:03:47.365+0000[0m] {[34mscheduler_job_runner.py:[0m797} INFO[0m - Starting the scheduler[0m
[[34m2024-06-25T21:03:47.366+0000[0m] {[34mscheduler_job_runner.py:[0m804} INFO[0m - Processing each file at most -1 times[0m
[[34m2024-06-25T21:03:47.370+0000[0m] {[34mmanager.py:[0m166} INFO[0m - Launched DagFileProcessorManager with pid: 43156[0m
[[34m2024-06-25T21:03:47.370+0000[0m] {[34mscheduler_job_runner.py:[0m1605} INFO[0m - Adopting or resetting orphaned tasks for active dag runs[0m
[[34m2024-06-25T21:03:47.372+0000[0m] {[34msettings.py:[0m61} INFO[0m - Configured default timezone Timezone('UTC')[0m
[2024-06-25T21:03:47.389+0000] {manager.py:410} WARNING - Because we cannot use more than 1 thread (parsing_processes = 2) when using sqlite. So we set parallelism to 1.
[[34m2024-06-25T21:08:47.530+0000[0m] {[34mscheduler_job_runner.py:[0m1605} INFO[0m - Adopting or resetting orphaned tasks for active dag runs[0m
[[34m2024-06-25T21:13:47.679+0000[0m] {[34mscheduler_job_runner.py:[0m1605} INFO[0m - Adopting or resetting orphaned tasks for active dag runs[0m
[2024-06-25T21:15:52.036+0000] {manager.py:543} INFO - DAG my_clickhouse_dag is missing and will be deactivated.
[2024-06-25T21:15:52.038+0000] {manager.py:553} INFO - Deactivated 1 DAGs which are no longer present in file.
[2024-06-25T21:15:52.040+0000] {manager.py:557} INFO - Deleted DAG my_clickhouse_dag in serialized_dag table
[2024-06-25T21:17:53.703+0000] {manager.py:543} INFO - DAG my_clickhouse_dag is missing and will be deactivated.
[2024-06-25T21:17:53.705+0000] {manager.py:553} INFO - Deactivated 1 DAGs which are no longer present in file.
[2024-06-25T21:17:53.707+0000] {manager.py:557} INFO - Deleted DAG my_clickhouse_dag in serialized_dag table
[[34m2024-06-25T21:18:47.820+0000[0m] {[34mscheduler_job_runner.py:[0m1605} INFO[0m - Adopting or resetting orphaned tasks for active dag runs[0m
[[34m2024-06-25T21:23:47.970+0000[0m] {[34mscheduler_job_runner.py:[0m1605} INFO[0m - Adopting or resetting orphaned tasks for active dag runs[0m
[[34m2024-06-25T21:28:48.117+0000[0m] {[34mscheduler_job_runner.py:[0m1605} INFO[0m - Adopting or resetting orphaned tasks for active dag runs[0m
[[34m2024-06-25T21:33:48.264+0000[0m] {[34mscheduler_job_runner.py:[0m1605} INFO[0m - Adopting or resetting orphaned tasks for active dag runs[0m
[[34m2024-06-25T21:34:13.642+0000[0m] {[34mdagrun.py:[0m653} INFO[0m - Marking run <DagRun my_clickhouse_dag @ 2024-06-25 21:34:10.704323+00:00: manual__2024-06-25T21:34:10.704323+00:00, state:running, queued_at: 2024-06-25 21:34:10.711484+00:00. externally triggered: True> successful[0m
[[34m2024-06-25T21:34:13.643+0000[0m] {[34mdagrun.py:[0m704} INFO[0m - DagRun Finished: dag_id=my_clickhouse_dag, execution_date=2024-06-25 21:34:10.704323+00:00, run_id=manual__2024-06-25T21:34:10.704323+00:00, run_start_date=2024-06-25 21:34:11.130961+00:00, run_end_date=2024-06-25 21:34:13.643148+00:00, run_duration=2.512187, state=success, external_trigger=True, run_type=manual, data_interval_start=2024-06-24 00:00:00+00:00, data_interval_end=2024-06-25 00:00:00+00:00, dag_hash=5f4014f034df2b9828094e02b86a9cca[0m
[[34m2024-06-25T21:38:48.350+0000[0m] {[34mscheduler_job_runner.py:[0m1605} INFO[0m - Adopting or resetting orphaned tasks for active dag runs[0m
[[34m2024-06-25T21:39:03.607+0000[0m] {[34mdagrun.py:[0m632} ERROR[0m - Marking run <DagRun my_clickhouse_dag @ 2024-06-25 21:35:18.871768+00:00: manual__2024-06-25T21:35:18.871768+00:00, state:running, queued_at: 2024-06-25 21:35:18.879044+00:00. externally triggered: True> failed[0m
[[34m2024-06-25T21:39:03.607+0000[0m] {[34mdagrun.py:[0m704} INFO[0m - DagRun Finished: dag_id=my_clickhouse_dag, execution_date=2024-06-25 21:35:18.871768+00:00, run_id=manual__2024-06-25T21:35:18.871768+00:00, run_start_date=2024-06-25 21:35:19.846751+00:00, run_end_date=2024-06-25 21:39:03.607861+00:00, run_duration=223.76111, state=failed, external_trigger=True, run_type=manual, data_interval_start=2024-06-24 00:00:00+00:00, data_interval_end=2024-06-25 00:00:00+00:00, dag_hash=5f4014f034df2b9828094e02b86a9cca[0m
[[34m2024-06-25T21:39:32.443+0000[0m] {[34mdagrun.py:[0m632} ERROR[0m - Marking run <DagRun my_clickhouse_dag @ 2024-06-25 21:39:15.339716+00:00: manual__2024-06-25T21:39:15.339716+00:00, state:running, queued_at: 2024-06-25 21:39:15.344371+00:00. externally triggered: True> failed[0m
[[34m2024-06-25T21:39:32.443+0000[0m] {[34mdagrun.py:[0m704} INFO[0m - DagRun Finished: dag_id=my_clickhouse_dag, execution_date=2024-06-25 21:39:15.339716+00:00, run_id=manual__2024-06-25T21:39:15.339716+00:00, run_start_date=2024-06-25 21:39:16.764787+00:00, run_end_date=2024-06-25 21:39:32.443883+00:00, run_duration=15.679096, state=failed, external_trigger=True, run_type=manual, data_interval_start=2024-06-24 00:00:00+00:00, data_interval_end=2024-06-25 00:00:00+00:00, dag_hash=5f4014f034df2b9828094e02b86a9cca[0m
[[34m2024-06-25T21:43:48.504+0000[0m] {[34mscheduler_job_runner.py:[0m1605} INFO[0m - Adopting or resetting orphaned tasks for active dag runs[0m
[[34m2024-06-25T21:45:32.708+0000[0m] {[34mscheduler_job_runner.py:[0m413} INFO[0m - 1 tasks up for execution:
	<TaskInstance: my_clickhouse_dag.read_from_clickhouse_and_apply_model manual__2024-06-25T21:45:31.369069+00:00 [scheduled]>[0m
[[34m2024-06-25T21:45:32.709+0000[0m] {[34mscheduler_job_runner.py:[0m476} INFO[0m - DAG my_clickhouse_dag has 0/16 running and queued tasks[0m
[[34m2024-06-25T21:45:32.709+0000[0m] {[34mscheduler_job_runner.py:[0m592} INFO[0m - Setting the following tasks to queued state:
	<TaskInstance: my_clickhouse_dag.read_from_clickhouse_and_apply_model manual__2024-06-25T21:45:31.369069+00:00 [scheduled]>[0m
[[34m2024-06-25T21:45:32.711+0000[0m] {[34mtaskinstance.py:[0m1441} WARNING[0m - cannot record scheduled_duration for task read_from_clickhouse_and_apply_model because previous state change time has not been saved[0m
[[34m2024-06-25T21:45:32.711+0000[0m] {[34mscheduler_job_runner.py:[0m635} INFO[0m - Sending TaskInstanceKey(dag_id='my_clickhouse_dag', task_id='read_from_clickhouse_and_apply_model', run_id='manual__2024-06-25T21:45:31.369069+00:00', try_number=1, map_index=-1) to executor with priority 1 and queue default[0m
[[34m2024-06-25T21:45:32.711+0000[0m] {[34mbase_executor.py:[0m146} INFO[0m - Adding to queue: ['airflow', 'tasks', 'run', 'my_clickhouse_dag', 'read_from_clickhouse_and_apply_model', 'manual__2024-06-25T21:45:31.369069+00:00', '--local', '--subdir', 'DAGS_FOLDER/main.py'][0m
[[34m2024-06-25T21:45:32.713+0000[0m] {[34msequential_executor.py:[0m74} INFO[0m - Executing command: ['airflow', 'tasks', 'run', 'my_clickhouse_dag', 'read_from_clickhouse_and_apply_model', 'manual__2024-06-25T21:45:31.369069+00:00', '--local', '--subdir', 'DAGS_FOLDER/main.py'][0m
[[34m2024-06-25T21:45:33.531+0000[0m] {[34mdagbag.py:[0m536} INFO[0m - Filling up the DagBag from /home/payam/airflow/dags/main.py[0m
[[34m2024-06-25T21:45:34.357+0000[0m] {[34mexample_python_operator.py:[0m86} WARNING[0m - The virtalenv_python example task requires virtualenv, please install it.[0m
[[34m2024-06-25T21:45:34.588+0000[0m] {[34mtutorial_taskflow_api_virtualenv.py:[0m29} WARNING[0m - The tutorial_taskflow_api_virtualenv example DAG requires virtualenv, please install it.[0m
Changing /home/payam/airflow/logs/dag_id=my_clickhouse_dag/run_id=manual__2024-06-25T21:45:31.369069+00:00/task_id=read_from_clickhouse_and_apply_model permission to 509
[[34m2024-06-25T21:45:34.752+0000[0m] {[34mtask_command.py:[0m416} INFO[0m - Running <TaskInstance: my_clickhouse_dag.read_from_clickhouse_and_apply_model manual__2024-06-25T21:45:31.369069+00:00 [queued]> on host payam-ROG-Zephyrus-M16-GU603HM[0m
[[34m2024-06-25T21:45:35.315+0000[0m] {[34mscheduler_job_runner.py:[0m685} INFO[0m - Received executor event with state success for task instance TaskInstanceKey(dag_id='my_clickhouse_dag', task_id='read_from_clickhouse_and_apply_model', run_id='manual__2024-06-25T21:45:31.369069+00:00', try_number=1, map_index=-1)[0m
[[34m2024-06-25T21:45:35.320+0000[0m] {[34mscheduler_job_runner.py:[0m722} INFO[0m - TaskInstance Finished: dag_id=my_clickhouse_dag, task_id=read_from_clickhouse_and_apply_model, run_id=manual__2024-06-25T21:45:31.369069+00:00, map_index=-1, run_start_date=2024-06-25 21:45:34.791085+00:00, run_end_date=2024-06-25 21:45:34.890438+00:00, run_duration=0.099353, state=up_for_retry, executor_state=success, try_number=1, max_tries=1, job_id=9, pool=default_pool, queue=default, priority_weight=1, operator=PythonOperator, queued_dttm=2024-06-25 21:45:32.709524+00:00, queued_by_job_id=5, pid=56115[0m
[[34m2024-06-25T21:46:06.820+0000[0m] {[34mdagrun.py:[0m632} ERROR[0m - Marking run <DagRun my_clickhouse_dag @ 2024-06-25 21:45:31.369069+00:00: manual__2024-06-25T21:45:31.369069+00:00, state:running, queued_at: 2024-06-25 21:45:31.373752+00:00. externally triggered: True> failed[0m
[[34m2024-06-25T21:46:06.820+0000[0m] {[34mdagrun.py:[0m704} INFO[0m - DagRun Finished: dag_id=my_clickhouse_dag, execution_date=2024-06-25 21:45:31.369069+00:00, run_id=manual__2024-06-25T21:45:31.369069+00:00, run_start_date=2024-06-25 21:45:32.693375+00:00, run_end_date=2024-06-25 21:46:06.820936+00:00, run_duration=34.127561, state=failed, external_trigger=True, run_type=manual, data_interval_start=2024-06-24 00:00:00+00:00, data_interval_end=2024-06-25 00:00:00+00:00, dag_hash=5f4014f034df2b9828094e02b86a9cca[0m
[[34m2024-06-25T21:48:48.655+0000[0m] {[34mscheduler_job_runner.py:[0m1605} INFO[0m - Adopting or resetting orphaned tasks for active dag runs[0m
[2024-06-25T21:50:09.890+0000] {manager.py:543} INFO - DAG my_clickhouse_dag is missing and will be deactivated.
[2024-06-25T21:50:09.891+0000] {manager.py:553} INFO - Deactivated 1 DAGs which are no longer present in file.
[2024-06-25T21:50:09.893+0000] {manager.py:557} INFO - Deleted DAG my_clickhouse_dag in serialized_dag table
[[34m2024-06-25T21:53:48.788+0000[0m] {[34mscheduler_job_runner.py:[0m1605} INFO[0m - Adopting or resetting orphaned tasks for active dag runs[0m
[[34m2024-06-25T21:58:07.619+0000[0m] {[34mdagrun.py:[0m632} ERROR[0m - Marking run <DagRun my_clickhouse_dag @ 2024-06-25 21:53:02.272275+00:00: manual__2024-06-25T21:53:02.272275+00:00, state:running, queued_at: 2024-06-25 21:53:02.278048+00:00. externally triggered: True> failed[0m
[[34m2024-06-25T21:58:07.620+0000[0m] {[34mdagrun.py:[0m704} INFO[0m - DagRun Finished: dag_id=my_clickhouse_dag, execution_date=2024-06-25 21:53:02.272275+00:00, run_id=manual__2024-06-25T21:53:02.272275+00:00, run_start_date=2024-06-25 21:53:03.381821+00:00, run_end_date=2024-06-25 21:58:07.620068+00:00, run_duration=304.238247, state=failed, external_trigger=True, run_type=manual, data_interval_start=2024-06-24 00:00:00+00:00, data_interval_end=2024-06-25 00:00:00+00:00, dag_hash=5f4014f034df2b9828094e02b86a9cca[0m
[[34m2024-06-25T21:58:48.920+0000[0m] {[34mscheduler_job_runner.py:[0m1605} INFO[0m - Adopting or resetting orphaned tasks for active dag runs[0m
[[34m2024-06-25T22:02:19.099+0000[0m] {[34mscheduler_job_runner.py:[0m413} INFO[0m - 1 tasks up for execution:
	<TaskInstance: my_clickhouse_dag.read_from_clickhouse_and_apply_model manual__2024-06-25T22:02:18.952885+00:00 [scheduled]>[0m
[[34m2024-06-25T22:02:19.099+0000[0m] {[34mscheduler_job_runner.py:[0m476} INFO[0m - DAG my_clickhouse_dag has 0/16 running and queued tasks[0m
[[34m2024-06-25T22:02:19.099+0000[0m] {[34mscheduler_job_runner.py:[0m592} INFO[0m - Setting the following tasks to queued state:
	<TaskInstance: my_clickhouse_dag.read_from_clickhouse_and_apply_model manual__2024-06-25T22:02:18.952885+00:00 [scheduled]>[0m
[[34m2024-06-25T22:02:19.100+0000[0m] {[34mtaskinstance.py:[0m1441} WARNING[0m - cannot record scheduled_duration for task read_from_clickhouse_and_apply_model because previous state change time has not been saved[0m
[[34m2024-06-25T22:02:19.100+0000[0m] {[34mscheduler_job_runner.py:[0m635} INFO[0m - Sending TaskInstanceKey(dag_id='my_clickhouse_dag', task_id='read_from_clickhouse_and_apply_model', run_id='manual__2024-06-25T22:02:18.952885+00:00', try_number=1, map_index=-1) to executor with priority 1 and queue default[0m
[[34m2024-06-25T22:02:19.100+0000[0m] {[34mbase_executor.py:[0m146} INFO[0m - Adding to queue: ['airflow', 'tasks', 'run', 'my_clickhouse_dag', 'read_from_clickhouse_and_apply_model', 'manual__2024-06-25T22:02:18.952885+00:00', '--local', '--subdir', 'DAGS_FOLDER/main.py'][0m
[[34m2024-06-25T22:02:19.102+0000[0m] {[34msequential_executor.py:[0m74} INFO[0m - Executing command: ['airflow', 'tasks', 'run', 'my_clickhouse_dag', 'read_from_clickhouse_and_apply_model', 'manual__2024-06-25T22:02:18.952885+00:00', '--local', '--subdir', 'DAGS_FOLDER/main.py'][0m
[[34m2024-06-25T22:02:19.978+0000[0m] {[34mdagbag.py:[0m536} INFO[0m - Filling up the DagBag from /home/payam/airflow/dags/main.py[0m
[[34m2024-06-25T22:02:20.735+0000[0m] {[34mexample_python_operator.py:[0m86} WARNING[0m - The virtalenv_python example task requires virtualenv, please install it.[0m
[[34m2024-06-25T22:02:20.930+0000[0m] {[34mtutorial_taskflow_api_virtualenv.py:[0m29} WARNING[0m - The tutorial_taskflow_api_virtualenv example DAG requires virtualenv, please install it.[0m
Changing /home/payam/airflow/logs/dag_id=my_clickhouse_dag/run_id=manual__2024-06-25T22:02:18.952885+00:00/task_id=read_from_clickhouse_and_apply_model permission to 509
[[34m2024-06-25T22:02:21.072+0000[0m] {[34mtask_command.py:[0m416} INFO[0m - Running <TaskInstance: my_clickhouse_dag.read_from_clickhouse_and_apply_model manual__2024-06-25T22:02:18.952885+00:00 [queued]> on host payam-ROG-Zephyrus-M16-GU603HM[0m
[[34m2024-06-25T22:02:21.554+0000[0m] {[34mscheduler_job_runner.py:[0m685} INFO[0m - Received executor event with state success for task instance TaskInstanceKey(dag_id='my_clickhouse_dag', task_id='read_from_clickhouse_and_apply_model', run_id='manual__2024-06-25T22:02:18.952885+00:00', try_number=1, map_index=-1)[0m
[[34m2024-06-25T22:02:21.557+0000[0m] {[34mscheduler_job_runner.py:[0m722} INFO[0m - TaskInstance Finished: dag_id=my_clickhouse_dag, task_id=read_from_clickhouse_and_apply_model, run_id=manual__2024-06-25T22:02:18.952885+00:00, map_index=-1, run_start_date=2024-06-25 22:02:21.107616+00:00, run_end_date=2024-06-25 22:02:21.187090+00:00, run_duration=0.079474, state=up_for_retry, executor_state=success, try_number=1, max_tries=1, job_id=12, pool=default_pool, queue=default, priority_weight=1, operator=PythonOperator, queued_dttm=2024-06-25 22:02:19.099984+00:00, queued_by_job_id=5, pid=60786[0m
[[34m2024-06-25T22:03:49.054+0000[0m] {[34mscheduler_job_runner.py:[0m1605} INFO[0m - Adopting or resetting orphaned tasks for active dag runs[0m
[[34m2024-06-25T22:08:49.201+0000[0m] {[34mscheduler_job_runner.py:[0m1605} INFO[0m - Adopting or resetting orphaned tasks for active dag runs[0m
[[34m2024-06-25T22:09:09.552+0000[0m] {[34mscheduler_job_runner.py:[0m413} INFO[0m - 1 tasks up for execution:
	<TaskInstance: my_clickhouse_dag.read_from_clickhouse_and_apply_model manual__2024-06-25T22:04:06.388344+00:00 [scheduled]>[0m
[[34m2024-06-25T22:09:09.552+0000[0m] {[34mscheduler_job_runner.py:[0m476} INFO[0m - DAG my_clickhouse_dag has 0/16 running and queued tasks[0m
[[34m2024-06-25T22:09:09.552+0000[0m] {[34mscheduler_job_runner.py:[0m592} INFO[0m - Setting the following tasks to queued state:
	<TaskInstance: my_clickhouse_dag.read_from_clickhouse_and_apply_model manual__2024-06-25T22:04:06.388344+00:00 [scheduled]>[0m
[[34m2024-06-25T22:09:09.553+0000[0m] {[34mscheduler_job_runner.py:[0m635} INFO[0m - Sending TaskInstanceKey(dag_id='my_clickhouse_dag', task_id='read_from_clickhouse_and_apply_model', run_id='manual__2024-06-25T22:04:06.388344+00:00', try_number=2, map_index=-1) to executor with priority 1 and queue default[0m
[[34m2024-06-25T22:09:09.553+0000[0m] {[34mbase_executor.py:[0m146} INFO[0m - Adding to queue: ['airflow', 'tasks', 'run', 'my_clickhouse_dag', 'read_from_clickhouse_and_apply_model', 'manual__2024-06-25T22:04:06.388344+00:00', '--local', '--subdir', 'DAGS_FOLDER/main.py'][0m
[[34m2024-06-25T22:09:09.555+0000[0m] {[34msequential_executor.py:[0m74} INFO[0m - Executing command: ['airflow', 'tasks', 'run', 'my_clickhouse_dag', 'read_from_clickhouse_and_apply_model', 'manual__2024-06-25T22:04:06.388344+00:00', '--local', '--subdir', 'DAGS_FOLDER/main.py'][0m
[[34m2024-06-25T22:09:10.231+0000[0m] {[34mdagbag.py:[0m536} INFO[0m - Filling up the DagBag from /home/payam/airflow/dags/main.py[0m
[[34m2024-06-25T22:09:10.905+0000[0m] {[34mexample_python_operator.py:[0m86} WARNING[0m - The virtalenv_python example task requires virtualenv, please install it.[0m
[[34m2024-06-25T22:09:11.082+0000[0m] {[34mtutorial_taskflow_api_virtualenv.py:[0m29} WARNING[0m - The tutorial_taskflow_api_virtualenv example DAG requires virtualenv, please install it.[0m
[[34m2024-06-25T22:09:11.219+0000[0m] {[34mtask_command.py:[0m416} INFO[0m - Running <TaskInstance: my_clickhouse_dag.read_from_clickhouse_and_apply_model manual__2024-06-25T22:04:06.388344+00:00 [queued]> on host payam-ROG-Zephyrus-M16-GU603HM[0m
[[34m2024-06-25T22:09:11.655+0000[0m] {[34mscheduler_job_runner.py:[0m685} INFO[0m - Received executor event with state success for task instance TaskInstanceKey(dag_id='my_clickhouse_dag', task_id='read_from_clickhouse_and_apply_model', run_id='manual__2024-06-25T22:04:06.388344+00:00', try_number=2, map_index=-1)[0m
[[34m2024-06-25T22:09:11.657+0000[0m] {[34mscheduler_job_runner.py:[0m722} INFO[0m - TaskInstance Finished: dag_id=my_clickhouse_dag, task_id=read_from_clickhouse_and_apply_model, run_id=manual__2024-06-25T22:04:06.388344+00:00, map_index=-1, run_start_date=2024-06-25 22:09:11.251817+00:00, run_end_date=2024-06-25 22:09:11.322572+00:00, run_duration=0.070755, state=failed, executor_state=success, try_number=2, max_tries=1, job_id=14, pool=default_pool, queue=default, priority_weight=1, operator=PythonOperator, queued_dttm=2024-06-25 22:09:09.552631+00:00, queued_by_job_id=5, pid=62990[0m
[[34m2024-06-25T22:09:11.797+0000[0m] {[34mdagrun.py:[0m632} ERROR[0m - Marking run <DagRun my_clickhouse_dag @ 2024-06-25 22:04:06.388344+00:00: manual__2024-06-25T22:04:06.388344+00:00, state:running, queued_at: 2024-06-25 22:04:06.393171+00:00. externally triggered: True> failed[0m
[[34m2024-06-25T22:09:11.797+0000[0m] {[34mdagrun.py:[0m704} INFO[0m - DagRun Finished: dag_id=my_clickhouse_dag, execution_date=2024-06-25 22:04:06.388344+00:00, run_id=manual__2024-06-25T22:04:06.388344+00:00, run_start_date=2024-06-25 22:04:07.109214+00:00, run_end_date=2024-06-25 22:09:11.797316+00:00, run_duration=304.688102, state=failed, external_trigger=True, run_type=manual, data_interval_start=2024-06-24 00:00:00+00:00, data_interval_end=2024-06-25 00:00:00+00:00, dag_hash=5f4014f034df2b9828094e02b86a9cca[0m
[[34m2024-06-25T22:13:49.339+0000[0m] {[34mscheduler_job_runner.py:[0m1605} INFO[0m - Adopting or resetting orphaned tasks for active dag runs[0m
[[34m2024-06-25T22:16:19.249+0000[0m] {[34mdagrun.py:[0m653} INFO[0m - Marking run <DagRun my_clickhouse_dag @ 2024-06-25 22:16:15.867259+00:00: manual__2024-06-25T22:16:15.867259+00:00, state:running, queued_at: 2024-06-25 22:16:15.872066+00:00. externally triggered: True> successful[0m
[[34m2024-06-25T22:16:19.250+0000[0m] {[34mdagrun.py:[0m704} INFO[0m - DagRun Finished: dag_id=my_clickhouse_dag, execution_date=2024-06-25 22:16:15.867259+00:00, run_id=manual__2024-06-25T22:16:15.867259+00:00, run_start_date=2024-06-25 22:16:16.157935+00:00, run_end_date=2024-06-25 22:16:19.249974+00:00, run_duration=3.092039, state=success, external_trigger=True, run_type=manual, data_interval_start=2024-06-24 00:00:00+00:00, data_interval_end=2024-06-25 00:00:00+00:00, dag_hash=5f4014f034df2b9828094e02b86a9cca[0m
[[34m2024-06-25T22:18:49.484+0000[0m] {[34mscheduler_job_runner.py:[0m1605} INFO[0m - Adopting or resetting orphaned tasks for active dag runs[0m
[[34m2024-06-25T22:23:33.175+0000[0m] {[34mscheduler_job_runner.py:[0m413} INFO[0m - 1 tasks up for execution:
	<TaskInstance: my_clickhouse_dag.read_from_clickhouse_and_apply_model manual__2024-06-25T22:18:29.240613+00:00 [scheduled]>[0m
[[34m2024-06-25T22:23:33.175+0000[0m] {[34mscheduler_job_runner.py:[0m476} INFO[0m - DAG my_clickhouse_dag has 0/16 running and queued tasks[0m
[[34m2024-06-25T22:23:33.175+0000[0m] {[34mscheduler_job_runner.py:[0m592} INFO[0m - Setting the following tasks to queued state:
	<TaskInstance: my_clickhouse_dag.read_from_clickhouse_and_apply_model manual__2024-06-25T22:18:29.240613+00:00 [scheduled]>[0m
[[34m2024-06-25T22:23:33.176+0000[0m] {[34mscheduler_job_runner.py:[0m635} INFO[0m - Sending TaskInstanceKey(dag_id='my_clickhouse_dag', task_id='read_from_clickhouse_and_apply_model', run_id='manual__2024-06-25T22:18:29.240613+00:00', try_number=2, map_index=-1) to executor with priority 1 and queue default[0m
[[34m2024-06-25T22:23:33.176+0000[0m] {[34mbase_executor.py:[0m146} INFO[0m - Adding to queue: ['airflow', 'tasks', 'run', 'my_clickhouse_dag', 'read_from_clickhouse_and_apply_model', 'manual__2024-06-25T22:18:29.240613+00:00', '--local', '--subdir', 'DAGS_FOLDER/main.py'][0m
[[34m2024-06-25T22:23:33.177+0000[0m] {[34msequential_executor.py:[0m74} INFO[0m - Executing command: ['airflow', 'tasks', 'run', 'my_clickhouse_dag', 'read_from_clickhouse_and_apply_model', 'manual__2024-06-25T22:18:29.240613+00:00', '--local', '--subdir', 'DAGS_FOLDER/main.py'][0m
[[34m2024-06-25T22:23:33.849+0000[0m] {[34mdagbag.py:[0m536} INFO[0m - Filling up the DagBag from /home/payam/airflow/dags/main.py[0m
[[34m2024-06-25T22:23:34.531+0000[0m] {[34mexample_python_operator.py:[0m86} WARNING[0m - The virtalenv_python example task requires virtualenv, please install it.[0m
[[34m2024-06-25T22:23:34.726+0000[0m] {[34mtutorial_taskflow_api_virtualenv.py:[0m29} WARNING[0m - The tutorial_taskflow_api_virtualenv example DAG requires virtualenv, please install it.[0m
[[34m2024-06-25T22:23:34.868+0000[0m] {[34mtask_command.py:[0m416} INFO[0m - Running <TaskInstance: my_clickhouse_dag.read_from_clickhouse_and_apply_model manual__2024-06-25T22:18:29.240613+00:00 [queued]> on host payam-ROG-Zephyrus-M16-GU603HM[0m
[[34m2024-06-25T22:23:35.979+0000[0m] {[34mscheduler_job_runner.py:[0m685} INFO[0m - Received executor event with state success for task instance TaskInstanceKey(dag_id='my_clickhouse_dag', task_id='read_from_clickhouse_and_apply_model', run_id='manual__2024-06-25T22:18:29.240613+00:00', try_number=2, map_index=-1)[0m
[[34m2024-06-25T22:23:35.982+0000[0m] {[34mscheduler_job_runner.py:[0m722} INFO[0m - TaskInstance Finished: dag_id=my_clickhouse_dag, task_id=read_from_clickhouse_and_apply_model, run_id=manual__2024-06-25T22:18:29.240613+00:00, map_index=-1, run_start_date=2024-06-25 22:23:34.902617+00:00, run_end_date=2024-06-25 22:23:35.672870+00:00, run_duration=0.770253, state=failed, executor_state=success, try_number=2, max_tries=1, job_id=18, pool=default_pool, queue=default, priority_weight=1, operator=PythonOperator, queued_dttm=2024-06-25 22:23:33.175897+00:00, queued_by_job_id=5, pid=67598[0m
[[34m2024-06-25T22:23:49.628+0000[0m] {[34mscheduler_job_runner.py:[0m1605} INFO[0m - Adopting or resetting orphaned tasks for active dag runs[0m
[[34m2024-06-25T22:28:21.472+0000[0m] {[34mdagrun.py:[0m653} INFO[0m - Marking run <DagRun my_clickhouse_dag @ 2024-06-25 22:28:13.593744+00:00: manual__2024-06-25T22:28:13.593744+00:00, state:running, queued_at: 2024-06-25 22:28:13.605622+00:00. externally triggered: True> successful[0m
[[34m2024-06-25T22:28:21.473+0000[0m] {[34mdagrun.py:[0m704} INFO[0m - DagRun Finished: dag_id=my_clickhouse_dag, execution_date=2024-06-25 22:28:13.593744+00:00, run_id=manual__2024-06-25T22:28:13.593744+00:00, run_start_date=2024-06-25 22:28:14.157498+00:00, run_end_date=2024-06-25 22:28:21.472952+00:00, run_duration=7.315454, state=success, external_trigger=True, run_type=manual, data_interval_start=2024-06-24 00:00:00+00:00, data_interval_end=2024-06-25 00:00:00+00:00, dag_hash=5f4014f034df2b9828094e02b86a9cca[0m
[[34m2024-06-25T22:28:49.782+0000[0m] {[34mscheduler_job_runner.py:[0m1605} INFO[0m - Adopting or resetting orphaned tasks for active dag runs[0m
